src/App.tsx(172,50): error TS2304: Cannot find name 'setAppVersion'.
